../Drivers/CMSIS/Include/core_cm4.h:2064:26:ITM_SendChar	16	static,ignoring_inline_asm
../Core/Src/main.c:72:5:_write	32	static
../Core/Src/main.c:83:7:read_current	40	static
../Core/Src/main.c:112:5:main	40	static
../Core/Src/main.c:204:6:SystemClock_Config	88	static
../Core/Src/main.c:250:13:MX_ADC1_Init	24	static
../Core/Src/main.c:302:13:MX_I2C1_Init	8	static
../Core/Src/main.c:336:13:MX_I2C3_Init	8	static
../Core/Src/main.c:370:13:MX_I2S3_Init	8	static
../Core/Src/main.c:404:13:MX_TIM3_Init	64	static
../Core/Src/main.c:463:13:MX_USART2_UART_Init	8	static
../Core/Src/main.c:496:13:MX_GPIO_Init	56	static
../Core/Src/main.c:613:6:Error_Handler	4	static
